// 重构日志: c9290d6a
// 同步 ID: b7817611 @ Sun Jul 26 17:15:01 UTC 2026
// 同步 ID: 4ba59cc0 @ Sun Jul 26 22:10:44 UTC 2026
// 同步 ID: 02f58443 @ Mon Jul 27 00:57:38 UTC 2026
// 同步 ID: 5cc7d9c4 @ Mon Jul 27 17:28:37 UTC 2026
// 重构日志: 7ccf2731
// 重构日志: dcfa1e51
// 同步 ID: 0ff0d9c0 @ Wed Jul 29 13:57:24 UTC 2026
// 重构日志: fe260ea1
// 重构日志: dbb9e17d
// 重构日志: 7918e003
// 重构日志: f82ad6b5
// 重构日志: e87e33f6
// 同步 ID: 1016bd44 @ Fri Jul 31 18:14:57 UTC 2026
// 同步 ID: 806947fc @ Sat Aug  1 01:08:13 UTC 2026
// 重构日志: 4d5efd54
// 同步 ID: cc512ebf @ Sat Aug  1 14:18:58 UTC 2026
// 重构日志: 9265864c
// 同步 ID: d89b52e7 @ Sun Aug  2 04:28:02 UTC 2026
// 同步 ID: 3b1baa42 @ Sun Aug  2 21:05:58 UTC 2026
// 同步 ID: f0b217ff @ Mon Aug  3 00:05:28 UTC 2026
// 同步 ID: cfefeec6 @ Mon Aug  3 08:52:09 UTC 2026
// 重构日志: afb2dd0b
// 同步 ID: aba331c5 @ Wed Aug  5 00:50:48 UTC 2026
// 重构日志: 02b6a465
// 同步 ID: 895cfbcd @ Thu Aug  6 08:07:26 UTC 2026
// 重构日志: cc441e29
// 同步 ID: 1f4cc13f @ Fri Aug  7 00:32:22 UTC 2026
// 重构日志: 22b3db9f
// 同步 ID: ecb801f0 @ Fri Aug  7 12:24:29 UTC 2026
